../Core/Src/main.c:68:6:AccessSharedData	8	static
../Core/Src/main.c:86:6:SimulateReadWriteOperation	16	static,ignoring_inline_asm
../Core/Src/main.c:101:5:main	136	static
../Core/Src/main.c:192:6:SystemClock_Config	72	static
../Core/Src/main.c:229:13:MX_GPIO_Init	32	static
../Core/Src/main.c:263:6:StartDefaultTask	16	static
../Core/Src/main.c:281:6:greenLED	16	static
../Core/Src/main.c:305:6:redLED	16	static
../Core/Src/main.c:329:6:orangeLED	16	static
../Core/Src/main.c:349:6:HAL_TIM_PeriodElapsedCallback	16	static
../Core/Src/main.c:366:6:Error_Handler	4	static,ignoring_inline_asm
